// Jest Snapshot v1, https://goo.gl/fbAQLP

exports[`Group of timers is activated when Start is clicked. 1`] = `
<div>
  <button
    className="btn btn-primary"
    disabled={false}
    onClick={[Function]}
    type="button"
  >
    Start
  </button>
</div>
`;
